{
  "node": {
    "type": "array",
    "items": {
      "type": "array",
      "items": {
        "$ref": "#/components/schemas/bobobject1241320217"
      }
    }
  },
  "definitions": [
    {
      "first": "bobobject1241320217",
      "second": {
        "type": "object",
        "required": [
        ],
        "properties": {
          "anotherString": {
            "type": "string",
            "example": "yetAnotherString"
          }
        }
      }
    }
  ]
}